Fatal error: can't create bin/tui/tui_config_builder.o: Permission denied
