     1                                  bits 32
     2                                  
     3 00000000 EB11                    jmp short call_decoder
     4                                  
     5                                  decoder:
     6 00000002 5E                          pop esi
     7 00000003 8B0E                        mov ecx, [esi]
     8 00000005 83C604                      add esi, 4
     9 00000008 89F7                        mov edi, esi
    10                                  
    11                                  decode_loop:
    12 0000000A 8036DE                      xor byte [esi], 0xDE ; key placeholder
    13 0000000D 46                          inc esi
    14 0000000E 49                          dec ecx
    15 0000000F 75F9                        jnz decode_loop
    16 00000011 FFE7                        jmp edi
    17                                  
    18                                  call_decoder:
    19 00000013 E8EAFFFFFF                  call decoder
